Microchip MPLAB XC8 Compiler V3.10

Linker command line:

-W-3 \
  --edf=C:\Program Files\Microchip\xc8\v3.10\pic\dat\20250813170317_en.msgs \
  -cn -h+dist/default/production\Microwave_Oven.X.production.sym \
  --cmf=dist/default/production\Microwave_Oven.X.production.cmf -z \
  -Q16F877A -oC:\Users\NCS\AppData\Local\Temp\xcAs9js.0\driver_tmp_3.o \
  --defsym=__MPLAB_BUILD=1 --fixupoverflow=error \
  -Mdist/default/production/Microwave_Oven.X.production.map \
  --md=C:\Users\NCS\AppData\Local\Temp\xcAs9js.0\driver_tmp_0.dat -E1 \
  -ver=XC8 Compiler -ACODE=00h-07FFhx4 -ASTRCODE=00h-01FFFh \
  -ASTRING=00h-0FFhx32 -ACONST=00h-0FFhx32 -AENTRY=00h-0FFhx32 \
  -ACOMMON=070h-07Fh -ABANK0=020h-06Fh -ABANK1=0A0h-0EFh \
  -ABANK2=0110h-016Fh -ABANK3=0190h-01EFh \
  -ARAM=020h-06Fh,0A0h-0EFh,0110h-016Fh,0190h-01EFh \
  -AABS1=020h-07Fh,0A0h-0EFh,0110h-016Fh,0190h-01EFh -ASFR0=00h-01Fh \
  -ASFR1=080h-09Fh -ASFR2=0100h-010Fh -ASFR3=0180h-018Fh \
  -ACONFIG=02007h-02007h -DCONFIG=2 -AIDLOC=02000h-02003h -DIDLOC=2 \
  -AEEDATA=00h-0FFh/02100h -peeprom_data=EEDATA -DEEDATA=2 -DCODE=2 \
  -DSTRCODE=2 -DSTRING=2 -DCONST=2 -DENTRY=2 \
  -preset_vec=00h,intentry=04h,sivt,init,end_init -ppowerup=CODE \
  -pcinit=CODE -pfunctab=ENTRY -k dist/default/production\startup.o \
  dist/default/production\Microwave_Oven.X.production.o 

Object code version is 3.11

Machine type is 16F877A



                Name                               Link     Load   Length Selector   Space Scale
dist/default/production\startup.o
                end_init                              C        C        3        8       0
                reset_vec                             0        0        3        0       0
                config                             2007     2007        1        0       4
dist/default/production\Microwave_Oven.X.production.o
                cinit                                 F        F       1E        8       0
                intentry                              4        4        8        8       0
                config                             2007     2007        1        0       4
                text25                              D80      D80       3B     1B00       0
                text24                              D10      D10       36     1A20       0
                text23                              4CF      4CF       2F        8       0
                text22                              CE3      CE3       2D     19C6       0
                text21                              C7A      C7A       21     18F4       0
                text20                              C4F      C4F       15     189E       0
                text19                              C2B      C2B       11     1856       0
                text18                              32C      32C      14A        8       0
                text17                              726      726       65      C30       0
                text16                              476      476       59        8       0
                text15                              EF4      EF4      10C     1DE8       0
                text14                              C06      C06        A     180C       0
                text13                              78B      78B       63      C30       0
                text12                              C10      C10        B     1820       0
                text11                              C1B      C1B       10     1836       0
                text10                              BFD      BFD        9     17FA       0
                text9                               C64      C64       16     18C8       0
                text8                               DFD      DFD       F7     1BFA       0
                text7                               C9B      C9B       23     1936       0
                text6                               DBB      DBB       42     1B76       0
                text5                               D46      D46       3A     1A8C       0
                text4                               CBE      CBE       25     197C       0
                text3                                2D       2D      1B0        8       0
                text2                               C3C      C3C       13     1878       0
                text1                               1DD      1DD      14F        8       0
                maintext                            618      618      10E      C30       0
                cstackBANK0                          20       20       17       20       1
                cstackCOMMON                         70       70        9       70       1
                dataBANK0                            43       43        1       20       1
                bssBANK0                             37       37        C       20       1
                dataCOMMON                           7B       7B        1       70       1
                bssCOMMON                            79       79        2       70       1
                stringtext                          500      500      118        A       0
                strings                             7EE      7EE       12      FDC       0
                idataBANK0                          4FF      4FF        1        8       0
                idataCOMMON                         4FE      4FE        1        8       0

TOTAL           Name                               Link     Load   Length     Space
        CLASS   CODE           
                end_init                              C        C        3         0
                cinit                                 F        F       1E         0
                intentry                              4        4        8         0
                reset_vec                             0        0        3         0
                text25                              D80      D80       3B         0
                text24                              D10      D10       36         0
                text23                              4CF      4CF       2F         0
                text22                              CE3      CE3       2D         0
                text21                              C7A      C7A       21         0
                text20                              C4F      C4F       15         0
                text19                              C2B      C2B       11         0
                text18                              32C      32C      14A         0
                text17                              726      726       65         0
                text16                              476      476       59         0
                text15                              EF4      EF4      10C         0
                text14                              C06      C06        A         0
                text13                              78B      78B       63         0
                text12                              C10      C10        B         0
                text11                              C1B      C1B       10         0
                text10                              BFD      BFD        9         0
                text9                               C64      C64       16         0
                text8                               DFD      DFD       F7         0
                text7                               C9B      C9B       23         0
                text6                               DBB      DBB       42         0
                text5                               D46      D46       3A         0
                text4                               CBE      CBE       25         0
                text3                                2D       2D      1B0         0
                text2                               C3C      C3C       13         0
                text1                               1DD      1DD      14F         0
                maintext                            618      618      10E         0
                idataBANK0                          4FF      4FF        1         0
                idataCOMMON                         4FE      4FE        1         0

        CLASS   STRCODE        
                stringtext                          500      500      118         0

        CLASS   STRING         
                strings                             7EE      7EE       12         0

        CLASS   CONST          

        CLASS   ENTRY          

        CLASS   COMMON         
                cstackCOMMON                         70       70        9         1
                dataCOMMON                           7B       7B        1         1
                bssCOMMON                            79       79        2         1

        CLASS   BANK0          
                cstackBANK0                          20       20       17         1
                dataBANK0                            43       43        1         1
                bssBANK0                             37       37        C         1

        CLASS   BANK1          

        CLASS   BANK2          

        CLASS   BANK3          

        CLASS   RAM            

        CLASS   ABS1           
                abs_s1                               7E       7E        2         1

        CLASS   SFR0           

        CLASS   SFR1           

        CLASS   SFR2           

        CLASS   SFR3           

        CLASS   CONFIG         
                config                             2007     2007        1         4

        CLASS   IDLOC          

        CLASS   EEDATA         

        CLASS   HEAP           

        CLASS   STACK          



SEGMENTS        Name                           Load    Length   Top    Selector   Space  Class     Delta

                reset_vec                      000000  000003  000003         0       0  CODE        2
                intentry                       000004  0004FC  000500         8       0  CODE        2
                cstackBANK0                    000020  000024  000044        20       1  BANK0       1
                cstackCOMMON                   000070  00000C  00007C        70       1  COMMON      1
                stringtext                     000500  000118  000618         A       0  STRCODE     2
                maintext                       000618  0001D6  0007EE       C30       0  CODE        2
                strings                        0007EE  000012  000800       FDC       0  STRING      2
                text10                         000BFD  000009  000C06      17FA       0  CODE        2
                text14                         000C06  00000A  000C10      180C       0  CODE        2
                text12                         000C10  00000B  000C1B      1820       0  CODE        2
                text11                         000C1B  000010  000C2B      1836       0  CODE        2
                text19                         000C2B  000011  000C3C      1856       0  CODE        2
                text2                          000C3C  000013  000C4F      1878       0  CODE        2
                text20                         000C4F  000015  000C64      189E       0  CODE        2
                text9                          000C64  000016  000C7A      18C8       0  CODE        2
                text21                         000C7A  000021  000C9B      18F4       0  CODE        2
                text7                          000C9B  000023  000CBE      1936       0  CODE        2
                text4                          000CBE  000025  000CE3      197C       0  CODE        2
                text22                         000CE3  00002D  000D10      19C6       0  CODE        2
                text24                         000D10  000036  000D46      1A20       0  CODE        2
                text5                          000D46  00003A  000D80      1A8C       0  CODE        2
                text25                         000D80  00003B  000DBB      1B00       0  CODE        2
                text6                          000DBB  000042  000DFD      1B76       0  CODE        2
                text8                          000DFD  0000F7  000EF4      1BFA       0  CODE        2
                text15                         000EF4  00010C  001000      1DE8       0  CODE        2


UNUSED ADDRESS RANGES

        Name                Unused          Largest block    Delta
        BANK0            0044-006F             2C           1
        BANK1            00A0-00EF             50           1
        BANK2            0110-016F             60           1
        BANK3            0190-01EF             60           1
        CODE             0003-0003              1           2
                         0800-0BFC            3FD
                         1000-1FFF            800
        COMMON           007C-007D              2           1
        CONST            0003-0003              1           2
                         0800-0BFC            100
                         1000-1FFF            100
        EEDATA           2100-21FF            100           2
        ENTRY            0003-0003              1           2
                         0800-0BFC            100
                         1000-1FFF            100
        IDLOC            2000-2003              4           2
        RAM              0044-006F             2C           1
                         00A0-00EF             50
                         0110-016F             60
                         0190-01EF             60
        SFR0             0000-001F             20           1
        SFR1             0080-009F             20           1
        SFR2             0100-010F             10           1
        SFR3             0180-018F             10           1
        STRCODE          0003-0003              1           2
                         0800-0BFC            3FD
                         1000-1FFF           1000
        STRING           0003-0003              1           2
                         0800-0BFC            100
                         1000-1FFF            100

                                  Symbol Table

?___awdiv                        cstackCOMMON 0072
?___awmod                        cstackBANK0  0024
?___lwdiv                        cstackCOMMON 0072
?___lwmod                        cstackBANK0  0020
?___wmul                         cstackCOMMON 0072
_GIE                             (abs)        005F
_PEIE                            (abs)        005E
_PORTD                           (abs)        0008
_PR2                             (abs)        0092
_RB0                             (abs)        0030
_RB1                             (abs)        0031
_RB2                             (abs)        0032
_RC1                             (abs)        0039
_RC2                             (abs)        003A
_RD0                             (abs)        0040
_RD1                             (abs)        0041
_RD2                             (abs)        0042
_RD3                             (abs)        0043
_RE1                             (abs)        0049
_RE2                             (abs)        004A
_TMR2IE                          (abs)        0461
_TMR2IF                          (abs)        0061
_TMR2ON                          (abs)        0092
_TRISB                           (abs)        0086
_TRISC1                          (abs)        0439
_TRISC2                          (abs)        043A
_TRISD                           (abs)        0088
_TRISE1                          (abs)        0449
_TRISE2                          (abs)        044A
__H__absolute__                  __absolute__ 0000
__Habs1                          abs1         0000
__Hbank0                         bank0        0000
__Hbank1                         bank1        0000
__Hbank2                         bank2        0000
__Hbank3                         bank3        0000
__HbssBANK0                      bssBANK0     0000
__HbssCOMMON                     bssCOMMON    0000
__Hcinit                         cinit        002D
__Hclrtext                       clrtext      0000
__Hcode                          code         0000
__Hcommon                        common       0000
__Hconfig                        config       2008
__HcstackBANK0                   cstackBANK0  0000
__HcstackCOMMON                  cstackCOMMON 0000
__HdataBANK0                     dataBANK0    0000
__HdataCOMMON                    dataCOMMON   0000
__Heeprom_data                   eeprom_data  0000
__Hend_init                      end_init     000F
__Hfunctab                       functab      0000
__Hheap                          heap         0000
__HidataBANK0                    idataBANK0   0000
__HidataCOMMON                   idataCOMMON  0000
__Hinit                          init         000C
__Hintentry                      intentry     000C
__Hmaintext                      maintext     0000
__Hpowerup                       powerup      0000
__Hram                           ram          0000
__Hreset_vec                     reset_vec    0003
__Hsfr0                          sfr0         0000
__Hsfr1                          sfr1         0000
__Hsfr2                          sfr2         0000
__Hsfr3                          sfr3         0000
__Hsivt                          sivt         000C
__Hspace_0                       (abs)        1000
__Hspace_1                       (abs)        007C
__Hspace_2                       (abs)        0000
__Hspace_3                       (abs)        0000
__Hspace_4                       (abs)        400F
__Hstack                         stack        0000
__Hstrings                       strings      0000
__Hstringtext                    stringtext   0000
__Htext                          text         0000
__L__absolute__                  __absolute__ 0000
__Labs1                          abs1         0000
__Lbank0                         bank0        0000
__Lbank1                         bank1        0000
__Lbank2                         bank2        0000
__Lbank3                         bank3        0000
__LbssBANK0                      bssBANK0     0000
__LbssCOMMON                     bssCOMMON    0000
__Lcinit                         cinit        000F
__Lclrtext                       clrtext      0000
__Lcode                          code         0000
__Lcommon                        common       0000
__Lconfig                        config       0000
__LcstackBANK0                   cstackBANK0  0000
__LcstackCOMMON                  cstackCOMMON 0000
__LdataBANK0                     dataBANK0    0000
__LdataCOMMON                    dataCOMMON   0000
__Leeprom_data                   eeprom_data  0000
__Lend_init                      end_init     000C
__Lfunctab                       functab      0000
__Lheap                          heap         0000
__LidataBANK0                    idataBANK0   0000
__LidataCOMMON                   idataCOMMON  0000
__Linit                          init         000C
__Lintentry                      intentry     0004
__Lmaintext                      maintext     0000
__Lpowerup                       powerup      0000
__Lram                           ram          0000
__Lreset_vec                     reset_vec    0000
__Lsfr0                          sfr0         0000
__Lsfr1                          sfr1         0000
__Lsfr2                          sfr2         0000
__Lsfr3                          sfr3         0000
__Lsivt                          sivt         000C
__Lspace_0                       (abs)        0000
__Lspace_1                       (abs)        0000
__Lspace_2                       (abs)        0000
__Lspace_3                       (abs)        0000
__Lspace_4                       (abs)        0000
__Lstack                         stack        0000
__Lstrings                       strings      0000
__Lstringtext                    stringtext   0000
__Ltext                          text         0000
__S0                             (abs)        1000
__S1                             (abs)        007C
__S3                             (abs)        0000
___awdiv                         text17       0726
___awdiv@counter                 cstackBANK0  0020
___awdiv@dividend                cstackCOMMON 0074
___awdiv@divisor                 cstackCOMMON 0072
___awdiv@quotient                cstackBANK0  0022
___awdiv@sign                    cstackBANK0  0021
___awmod                         text16       0476
___awmod@counter                 cstackCOMMON 0076
___awmod@dividend                cstackBANK0  0026
___awmod@divisor                 cstackBANK0  0024
___awmod@sign                    cstackCOMMON 0077
___bmul                          text2        0C3C
___bmul@multiplicand             cstackCOMMON 0072
___bmul@multiplier               cstackCOMMON 0074
___bmul@product                  cstackCOMMON 0073
___heap_hi                       (abs)        0000
___heap_lo                       (abs)        0000
___int_sp                        stack        0000
___int_stack_hi                  stack        0000
___int_stack_lo                  stack        0000
___latbits                       (abs)        0002
___lwdiv                         text6        0DBB
___lwdiv@counter                 cstackCOMMON 0078
___lwdiv@dividend                cstackCOMMON 0074
___lwdiv@divisor                 cstackCOMMON 0072
___lwdiv@quotient                cstackCOMMON 0076
___lwmod                         text5        0D46
___lwmod@counter                 cstackBANK0  0024
___lwmod@dividend                cstackBANK0  0022
___lwmod@divisor                 cstackBANK0  0020
___sp                            stack        0000
___stack_hi                      stack        0000
___stack_lo                      stack        0000
___stackhi                       (abs)        0000
___stacklo                       (abs)        0000
___wmul                          text4        0CBE
___wmul@multiplicand             cstackCOMMON 0074
___wmul@multiplier               cstackCOMMON 0072
___wmul@product                  cstackCOMMON 0076
__end_of___awdiv                 text17       078B
__end_of___awmod                 text16       04CF
__end_of___bmul                  text2        0C4F
__end_of___lwdiv                 text6        0DFD
__end_of___lwmod                 text5        0D80
__end_of___wmul                  text4        0CE3
__end_of__initialization         cinit        0029
__end_of__stringtab              strings      0800
__end_of_alarm                   text21       0C9B
__end_of_clcd_print              text23       04FE
__end_of_clcd_putch              text20       0C64
__end_of_clcd_write              text24       0D46
__end_of_clear_screen            text19       0C3C
__end_of_display_modes           text22       0D10
__end_of_display_power_screen    text18       0476
__end_of_display_time            text15       1000
__end_of_heat_food               text14       0C10
__end_of_init_clcd               text12       0C1B
__end_of_init_config             text9        0C7A
__end_of_init_display_controller text13       07EE
__end_of_init_matrix_keypad      text11       0C2B
__end_of_init_timer2             text10       0C06
__end_of_isr                     text25       0DBB
__end_of_main                    maintext     0726
__end_of_read_matrix_keypad      text7        0CBE
__end_of_scan_keypad             text8        0EF4
__end_of_set_temp                text3        01DD
__end_of_set_time                text1        032C
__initialization                 cinit        000F
__pbssBANK0                      bssBANK0     0037
__pbssCOMMON                     bssCOMMON    0079
__pcstackBANK0                   cstackBANK0  0020
__pcstackCOMMON                  cstackCOMMON 0070
__pdataBANK0                     dataBANK0    0043
__pdataCOMMON                    dataCOMMON   007B
__pidataBANK0                    idataBANK0   04FF
__pidataCOMMON                   idataCOMMON  04FE
__pintentry                      intentry     0004
__pmaintext                      maintext     0618
__pstrings                       strings      07EE
__pstringtext                    stringtext   0500
__ptext1                         text1        01DD
__ptext10                        text10       0BFD
__ptext11                        text11       0C1B
__ptext12                        text12       0C10
__ptext13                        text13       078B
__ptext14                        text14       0C06
__ptext15                        text15       0EF4
__ptext16                        text16       0476
__ptext17                        text17       0726
__ptext18                        text18       032C
__ptext19                        text19       0C2B
__ptext2                         text2        0C3C
__ptext20                        text20       0C4F
__ptext21                        text21       0C7A
__ptext22                        text22       0CE3
__ptext23                        text23       04CF
__ptext24                        text24       0D10
__ptext25                        text25       0D80
__ptext3                         text3        002D
__ptext4                         text4        0CBE
__ptext5                         text5        0D46
__ptext6                         text6        0DBB
__ptext7                         text7        0C9B
__ptext8                         text8        0DFD
__ptext9                         text9        0C64
__stringbase                     strings      0800
__stringtab                      strings      07EE
_alarm                           text21       0C7A
_clcd_print                      text23       04CF
_clcd_putch                      text20       0C4F
_clcd_write                      text24       0D10
_clear_screen                    text19       0C2B
_display_modes                   text22       0CE3
_display_power_screen            text18       032C
_display_time                    text15       0EF4
_heat_food                       text14       0C06
_init_clcd                       text12       0C10
_init_config                     text9        0C64
_init_display_controller         text13       078B
_init_matrix_keypad              text11       0C1B
_init_timer2                     text10       0BFD
_isr                             text25       0D80
_main                            maintext     0618
_minn                            bssBANK0     0041
_nRBPU                           (abs)        040F
_pre_heat                        bssBANK0     0040
_read_matrix_keypad              text7        0C9B
_scan_keypad                     text8        0DFD
_screen_flag                     dataBANK0    0043
_sec                             bssBANK0     0042
_set_temp                        text3        002D
_set_time                        text1        01DD
_temp                            bssBANK0     0037
btemp                            (abs)        007E
btemp0                           (abs)        007E
btemp1                           (abs)        007F
clcd_print@addr                  cstackCOMMON 0078
clcd_print@str                   cstackCOMMON 0076
clcd_putch@addr                  cstackBANK0  0028
clcd_putch@data                  cstackBANK0  0029
clcd_write@byte                  cstackCOMMON 0075
clcd_write@mode                  cstackCOMMON 0072
display_power_screen@i           cstackBANK0  002D
display_power_screen@i_161       cstackBANK0  002E
display_power_screen@i_162       cstackBANK0  002F
display_power_screen@i_165       cstackBANK0  0030
display_power_screen@i_166       cstackBANK0  0031
end_of_initialization            cinit        0029
interrupt_function               intentry     0004
intlevel0                        functab      0000
intlevel1                        functab      0000
intlevel2                        functab      0000
intlevel3                        functab      0000
intlevel4                        functab      0000
intlevel5                        functab      0000
isr@count                        bssCOMMON    0079
ltemp0a                          (abs)        0080
main@key                         cstackBANK0  0036
main@reset_flag                  cstackBANK0  0035
read_matrix_keypad@key           cstackCOMMON 0078
read_matrix_keypad@mode          cstackCOMMON 0077
read_matrix_keypad@once          dataCOMMON   007B
reset_vec                        reset_vec    0000
saved_w                          (abs)        007E
scan_keypad@i                    cstackCOMMON 0075
set_temp@delay                   bssBANK0     003B
set_temp@display_blank           bssBANK0     003A
set_temp@key                     cstackBANK0  002E
set_temp@key_count               bssBANK0     0039
set_temp@reset_flag              cstackBANK0  002A
set_time@blink_pos               bssBANK0     003F
set_time@delay                   bssBANK0     003E
set_time@display_blank           bssBANK0     003D
set_time@key                     cstackBANK0  002D
set_time@key_count               bssBANK0     003C
set_time@reset_flag              cstackBANK0  002A
start                            init         000C
start_initialization             cinit        000F
ttemp0a                          (abs)        007F
wtemp0                           (abs)        007E
wtemp0a                          (abs)        007F


MODULE INFORMATION

Module		Function		Class		Link	Load	Size
timers.c
		_init_timer2   		CODE           	0BFD	0000	9

timers.c estimated size: 9

C:\Program Files\Microchip\xc8\v3.10\pic\sources\c99\common\lwmod.c
		___lwmod       		CODE           	0D46	0000	58

C:\Program Files\Microchip\xc8\v3.10\pic\sources\c99\common\lwmod.c estimated size: 58

C:\Program Files\Microchip\xc8\v3.10\pic\sources\c99\common\awmod.c
		___awmod       		CODE           	0476	0000	89

C:\Program Files\Microchip\xc8\v3.10\pic\sources\c99\common\awmod.c estimated size: 89

matrix_keypad.c
		_init_matrix_keypad		CODE           	0C1B	0000	16
		_read_matrix_keypad		CODE           	0C9B	0000	35
		_scan_keypad   		CODE           	0DFD	0000	247

matrix_keypad.c estimated size: 298

C:\Program Files\Microchip\xc8\v3.10\pic\sources\c99\common\lwdiv.c
		___lwdiv       		CODE           	0DBB	0000	66

C:\Program Files\Microchip\xc8\v3.10\pic\sources\c99\common\lwdiv.c estimated size: 66

C:\Program Files\Microchip\xc8\v3.10\pic\sources\c99\common\awdiv.c
		___awdiv       		CODE           	0726	0000	101

C:\Program Files\Microchip\xc8\v3.10\pic\sources\c99\common\awdiv.c estimated size: 101

C:\Program Files\Microchip\xc8\v3.10\pic\sources\c99\common\Umul8.c
		___bmul        		CODE           	0C3C	0000	19

C:\Program Files\Microchip\xc8\v3.10\pic\sources\c99\common\Umul8.c estimated size: 19

isr.c
		_isr           		CODE           	0D80	0000	59

isr.c estimated size: 59

shared
		__stringtab    		STRING         	07EE	0000	18
		__initialization		CODE           	000F	0000	26

shared estimated size: 44

clcd.c
		_clcd_write    		CODE           	0D10	0000	54
		_clear_screen  		CODE           	0C2B	0000	17
		_clcd_print    		CODE           	04CF	0000	47
		_clcd_putch    		CODE           	0C4F	0000	21
		_init_display_controller		CODE           	078B	0000	99
		_init_clcd     		CODE           	0C10	0000	11

clcd.c estimated size: 249

micro_oven.c
		_alarm         		CODE           	0C7A	0000	33
		_display_time  		CODE           	0EF4	0000	268
		_heat_food     		CODE           	0C06	0000	10
		_display_modes 		CODE           	0CE3	0000	45
		_set_temp      		CODE           	002D	0000	432
		_display_power_screen		CODE           	032C	0000	330
		_set_time      		CODE           	01DD	0000	335

micro_oven.c estimated size: 1453

main.c
		_main          		CODE           	0618	0000	270
		_init_config   		CODE           	0C64	0000	22

main.c estimated size: 292

C:\Program Files\Microchip\xc8\v3.10\pic\sources\c99\common\Umul16.c
		___wmul        		CODE           	0CBE	0000	37

C:\Program Files\Microchip\xc8\v3.10\pic\sources\c99\common\Umul16.c estimated size: 37

