

Microchip MPLAB XC8 Assembler V3.10 build 20250813170317 
                                                                                                           Wed Jan 14 21:44:36 2026


     1                           	processor	16F877A
     2                           	pagewidth 132
     3                           	psect	code,global,class=CODE,space=0,delta=2
     4                           	psect	powerup,global,class=CODE,space=0,delta=2
     5                           	psect	reset_vec,global,class=CODE,space=0,delta=2
     6                           	psect	maintext,global,class=CODE,space=0,delta=2
     7                           	psect	eeprom_data,global,class=EEDATA,space=3,delta=2,noexec
     8                           	psect	intentry,global,class=CODE,space=0,delta=2
     9                           	psect	sivt,global,class=CODE,space=0,delta=2
    10                           	psect	functab,global,class=ENTRY,space=0,delta=2
    11                           	psect	init,global,class=CODE,space=0,delta=2
    12                           	psect	cinit,global,class=CODE,space=0,delta=2
    13                           	psect	text,global,class=CODE,space=0,delta=2
    14                           	psect	end_init,global,class=CODE,space=0,delta=2
    15                           	psect	clrtext,global,class=CODE,space=0,delta=2
    16                           	psect	strings,global,reloc=256,class=CODE,space=0,delta=2
    17                           	psect	stack,global,class=STACK,space=2,delta=1,noexec
    18                           	psect	heap,global,class=HEAP,space=7,delta=1,noexec
    19                           	psect	common,global,class=COMMON,space=1,delta=1
    20                           	psect	bank0,global,class=BANK0,space=1,delta=1
    21                           	psect	bank1,global,class=BANK1,space=1,delta=1
    22                           	psect	bank2,global,class=BANK2,space=1,delta=1
    23                           	psect	bank3,global,class=BANK3,space=1,delta=1
    24                           	psect	ram,global,class=RAM,space=1,delta=1
    25                           	psect	abs1,global,class=ABS1,space=1,delta=1
    26                           	psect	sfr0,global,class=SFR0,space=1,delta=1
    27                           	psect	sfr1,global,class=SFR1,space=1,delta=1
    28                           	psect	sfr2,global,class=SFR2,space=1,delta=1
    29                           	psect	sfr3,global,class=SFR3,space=1,delta=1
    30                           
    31                           	psect	reset_vec
    32     0000                     reset_vec:
    33                           
    34                           ; No powerup routine
    35                           ; jump to start
    36     0000  120A  118A  280C   	goto	(start& (0+2047))| (reset_vec& (0+-2048))
    37                           
    38                           	psect	maintext
    39                           
    40                           ; Microchip MPLAB XC8 C Compiler V3.10
    41                           ; Copyright (C) 2025 Microchip Technology Inc.
    42                           ; Auto-generated runtime startup code for final link stage.
    43                           ;
    44                           ; Compiler options:
    45                           ;
    46                           ; -q --opt=none --chip=16f877a \
    47                           ; -Mdist/default/production/Microwave_Oven.X.production.map \
    48                           ; -DXPRJ_default=default -L--defsym=__MPLAB_BUILD=1 \
    49                           ; --dfp=C:/Program Files/Microchip/MPLABX/v6.25/packs/Microchip/PIC16Fxxx_DFP/1.6.156/xc8 \
    50                           ; --opt=+asmfile --addrqual=ignore -P --warn=-3 --asmlist --std=c99 \
    51                           ; --output=+elf:multilocs --stack=compiled:auto:auto --summary=+xml \
    52                           ; --summarydir=dist/default/production/memoryfile.xml \
    53                           ; -oMicrowave_Oven.X.production.elf --objdir=dist/default/production \
    54                           ; --outdir=dist/default/production build/default/production/clcd.p1 \
    55                           ; build/default/production/main.p1 \
    56                           ; build/default/production/matrix_keypad.p1 \
    57                           ; build/default/production/timers.p1 \
    58                           ; build/default/production/micro_oven.p1 \
    59                           ; build/default/production/isr.p1 -L--fixupoverflow=error --rors \
    60                           ; --icl=auto --callgraph=none --errformat=%f:%l:%c: error: (%n) %s \
    61                           ; --warnformat=%f:%l:%c: warning: (%n) %s \
    62                           ; --msgformat=%f:%l:%c: advisory: (%n) %s
    63                           ;
    64     0000                     C               set	0
    65     0002                     Z               set	2
    66     0002                     PCL             set	2
    67     0000                     INDF            set	0
    68     0003                     STATUS          equ	3
    69     000A                     PCLATH          equ	10
    70                           
    71                           	psect	functab
    72     0000                     intlevel0:
    73     0000                     intlevel1:
    74     0000                     intlevel2:
    75     0000                     intlevel3:
    76     0000                     intlevel4:
    77     0000                     intlevel5:
    78                           
    79                           	psect	init
    80     000C                     start:
    81                           
    82                           	psect	end_init
    83     000C  120A  118A  280F   	ljmp	start_initialization	;jump to C runtime clear & initialization
    84                           
    85                           	psect	clrtext
    86     0004                     FSR             set	4
    87                           
    88                           	psect	strings
    89     0000                     ___stacklo      equ	0
    90     0000                     ___stackhi      equ	0
    91                           
    92                           	psect	stack
    93     0000                     ___sp:
    94     0000                     ___int_sp:
    95     0000                     ___stack_lo:
    96     0000                     ___stack_hi:
    97     0000                     ___int_stack_lo:
    98     0000                     ___int_stack_hi:
    99                           
   100                           	psect	heap
   101                           
   102                           ; No heap to be allocated
   103     0000                     ___heap_lo      equ	0
   104     0000                     ___heap_hi      equ	0


Microchip Technology PIC Macro Assembler V3.10 build 20250813170317 
Symbol Table                                                                                               Wed Jan 14 21:44:36 2026

               ___sp 0000                 _main 0618                 start 000C           ___stack_hi 0000  
         ___stack_lo 0000       ___int_stack_hi 0000       ___int_stack_lo 0000  start_initialization 000F  
          ___heap_hi 0000            ___heap_lo 0000            ___stackhi 0000            ___stacklo 0000  
           ___int_sp 0000             intlevel0 0000             intlevel1 0000             intlevel2 0000  
           intlevel3 0000             intlevel4 0000             intlevel5 0000             reset_vec 0000  
