Microchip MPLAB XC8 Compiler V3.10

Linker command line:

-W-3 \
  --edf=C:\Program Files\Microchip\xc8\v3.10\pic\dat\20250813170317_en.msgs \
  -cn -h+dist/default/production\Matrix_Keypad_Demo.X.production.sym \
  --cmf=dist/default/production\Matrix_Keypad_Demo.X.production.cmf -z \
  -Q16F877A -oC:\Users\Success\AppData\Local\Temp\xcAs44w.0\driver_tmp_3.o \
  --defsym=__MPLAB_BUILD=1 --fixupoverflow=error \
  -Mdist/default/production/Matrix_Keypad_Demo.X.production.map \
  --md=C:\Users\Success\AppData\Local\Temp\xcAs44w.0\driver_tmp_0.dat -E1 \
  -ver=XC8 Compiler -ACODE=00h-07FFhx4 -ASTRCODE=00h-01FFFh \
  -ASTRING=00h-0FFhx32 -ACONST=00h-0FFhx32 -AENTRY=00h-0FFhx32 \
  -ACOMMON=070h-07Fh -ABANK0=020h-06Fh -ABANK1=0A0h-0EFh \
  -ABANK2=0110h-016Fh -ABANK3=0190h-01EFh \
  -ARAM=020h-06Fh,0A0h-0EFh,0110h-016Fh,0190h-01EFh \
  -AABS1=020h-07Fh,0A0h-0EFh,0110h-016Fh,0190h-01EFh -ASFR0=00h-01Fh \
  -ASFR1=080h-09Fh -ASFR2=0100h-010Fh -ASFR3=0180h-018Fh \
  -ACONFIG=02007h-02007h -DCONFIG=2 -AIDLOC=02000h-02003h -DIDLOC=2 \
  -AEEDATA=00h-0FFh/02100h -peeprom_data=EEDATA -DEEDATA=2 -DCODE=2 \
  -DSTRCODE=2 -DSTRING=2 -DCONST=2 -DENTRY=2 \
  -preset_vec=00h,intentry,sivt,init,end_init -ppowerup=CODE -pcinit=CODE \
  -pfunctab=ENTRY -k \
  C:\Users\Success\AppData\Local\Temp\xcAs44w.0\driver_tmp_12.o \
  dist/default/production\Matrix_Keypad_Demo.X.production.o 

Object code version is 3.11

Machine type is 16F877A



                Name                               Link     Load   Length Selector   Space Scale
C:\Users\Success\AppData\Local\Temp\xcAs44w.0\driver_tmp_12.o
                end_init                              0        0        3        0       0
                config                             2007     2007        1        0       4
dist/default/production\Matrix_Keypad_Demo.X.production.o
                cinit                               7F6      7F6        A      FEC       0
                config                             2007     2007        1        0       4
                text4                               6CA      6CA       10      D94       0
                text3                               6BF      6BF        B      D7E       0
                text2                               74A      74A       AC      E94       0
                text1                               6DA      6DA       23      DB4       0
                maintext                            6FD      6FD       4D      DFA       0
                cstackCOMMON                         70       70        9       70       1
                dataCOMMON                           79       79        1       70       1
                idataCOMMON                         6BE      6BE        1      D7C       0

TOTAL           Name                               Link     Load   Length     Space
        CLASS   CODE           
                end_init                              0        0        3         0
                cinit                               7F6      7F6        A         0
                text4                               6CA      6CA       10         0
                text3                               6BF      6BF        B         0
                text2                               74A      74A       AC         0
                text1                               6DA      6DA       23         0
                maintext                            6FD      6FD       4D         0
                idataCOMMON                         6BE      6BE        1         0

        CLASS   STRCODE        

        CLASS   STRING         

        CLASS   CONST          

        CLASS   ENTRY          

        CLASS   COMMON         
                cstackCOMMON                         70       70        9         1
                dataCOMMON                           79       79        1         1

        CLASS   BANK0          

        CLASS   BANK1          

        CLASS   BANK2          

        CLASS   BANK3          

        CLASS   RAM            

        CLASS   ABS1           
                abs_s1                               7E       7E        2         1

        CLASS   SFR0           

        CLASS   SFR1           

        CLASS   SFR2           

        CLASS   SFR3           

        CLASS   CONFIG         
                config                             2007     2007        1         4

        CLASS   IDLOC          

        CLASS   EEDATA         

        CLASS   HEAP           

        CLASS   STACK          



SEGMENTS        Name                           Load    Length   Top    Selector   Space  Class     Delta

                reset_vec                      000000  000003  000003         0       0  CODE        2
                cstackCOMMON                   000070  00000A  00007A        70       1  COMMON      1
                idataCOMMON                    0006BE  000001  0006BF       D7C       0  CODE        2
                text3                          0006BF  00000B  0006CA       D7E       0  CODE        2
                text4                          0006CA  000010  0006DA       D94       0  CODE        2
                text1                          0006DA  000023  0006FD       DB4       0  CODE        2
                maintext                       0006FD  00004D  00074A       DFA       0  CODE        2
                text2                          00074A  0000AC  0007F6       E94       0  CODE        2
                cinit                          0007F6  00000A  000800       FEC       0  CODE        2


UNUSED ADDRESS RANGES

        Name                Unused          Largest block    Delta
        BANK0            0020-006F             50           1
        BANK1            00A0-00EF             50           1
        BANK2            0110-016F             60           1
        BANK3            0190-01EF             60           1
        CODE             0003-06BD            6BB           2
                         0800-1FFF            800
        COMMON           007A-007D              4           1
        CONST            0003-06BD            100           2
                         0800-1FFF            100
        EEDATA           2100-21FF            100           2
        ENTRY            0003-06BD            100           2
                         0800-1FFF            100
        IDLOC            2000-2003              4           2
        RAM              0020-006F             50           1
                         00A0-00EF             50
                         0110-016F             60
                         0190-01EF             60
        SFR0             0000-001F             20           1
        SFR1             0080-009F             20           1
        SFR2             0100-010F             10           1
        SFR3             0180-018F             10           1
        STRCODE          0003-06BD            6BB           2
                         0800-1FFF           1800
        STRING           0003-06BD            100           2
                         0800-1FFF            100

                                  Symbol Table

_RB0                        (abs)        0030
_RB1                        (abs)        0031
_RB2                        (abs)        0032
_RB4                        (abs)        0034
_RB5                        (abs)        0035
_RB6                        (abs)        0036
_RD0                        (abs)        0040
_RD1                        (abs)        0041
_RD2                        (abs)        0042
_RD3                        (abs)        0043
_TRISB                      (abs)        0086
_TRISB4                     (abs)        0434
_TRISB5                     (abs)        0435
_TRISB6                     (abs)        0436
_TRISD                      (abs)        0088
__H__absolute__             __absolute__ 0000
__Habs1                     abs1         0000
__Hbank0                    bank0        0000
__Hbank1                    bank1        0000
__Hbank2                    bank2        0000
__Hbank3                    bank3        0000
__Hcinit                    cinit        0800
__Hclrtext                  clrtext      0000
__Hcode                     code         0000
__Hcommon                   common       0000
__Hconfig                   config       2008
__HcstackCOMMON             cstackCOMMON 0000
__HdataCOMMON               dataCOMMON   0000
__Heeprom_data              eeprom_data  0000
__Hend_init                 end_init     0003
__Hfunctab                  functab      0000
__Hheap                     heap         0000
__HidataCOMMON              idataCOMMON  0000
__Hinit                     init         0000
__Hintentry                 intentry     0000
__Hmaintext                 maintext     0000
__Hpowerup                  powerup      0000
__Hram                      ram          0000
__Hreset_vec                reset_vec    0000
__Hsfr0                     sfr0         0000
__Hsfr1                     sfr1         0000
__Hsfr2                     sfr2         0000
__Hsfr3                     sfr3         0000
__Hsivt                     sivt         0000
__Hspace_0                  (abs)        0800
__Hspace_1                  (abs)        007A
__Hspace_2                  (abs)        0000
__Hspace_3                  (abs)        0000
__Hspace_4                  (abs)        400F
__Hstack                    stack        0000
__Hstrings                  strings      0000
__Htext                     text         0000
__L__absolute__             __absolute__ 0000
__Labs1                     abs1         0000
__Lbank0                    bank0        0000
__Lbank1                    bank1        0000
__Lbank2                    bank2        0000
__Lbank3                    bank3        0000
__Lcinit                    cinit        07F6
__Lclrtext                  clrtext      0000
__Lcode                     code         0000
__Lcommon                   common       0000
__Lconfig                   config       0000
__LcstackCOMMON             cstackCOMMON 0000
__LdataCOMMON               dataCOMMON   0000
__Leeprom_data              eeprom_data  0000
__Lend_init                 end_init     0000
__Lfunctab                  functab      0000
__Lheap                     heap         0000
__LidataCOMMON              idataCOMMON  0000
__Linit                     init         0000
__Lintentry                 intentry     0000
__Lmaintext                 maintext     0000
__Lpowerup                  powerup      0000
__Lram                      ram          0000
__Lreset_vec                reset_vec    0000
__Lsfr0                     sfr0         0000
__Lsfr1                     sfr1         0000
__Lsfr2                     sfr2         0000
__Lsfr3                     sfr3         0000
__Lsivt                     sivt         0000
__Lspace_0                  (abs)        0000
__Lspace_1                  (abs)        0000
__Lspace_2                  (abs)        0000
__Lspace_3                  (abs)        0000
__Lspace_4                  (abs)        0000
__Lstack                    stack        0000
__Lstrings                  strings      0000
__Ltext                     text         0000
__S0                        (abs)        0800
__S1                        (abs)        007A
__S3                        (abs)        0000
___heap_hi                  (abs)        0000
___heap_lo                  (abs)        0000
___int_sp                   stack        0000
___int_stack_hi             stack        0000
___int_stack_lo             stack        0000
___latbits                  (abs)        0002
___sp                       stack        0000
___stack_hi                 stack        0000
___stack_lo                 stack        0000
___stackhi                  (abs)        0000
___stacklo                  (abs)        0000
__end_of__initialization    cinit        07FC
__end_of_init_config        text3        06CA
__end_of_init_matrix_keypad text4        06DA
__end_of_main               maintext     074A
__end_of_read_matrix_keypad text1        06FD
__end_of_scan_keypad        text2        07F6
__initialization            cinit        07F6
__pcstackCOMMON             cstackCOMMON 0070
__pdataCOMMON               dataCOMMON   0079
__pidataCOMMON              idataCOMMON  06BE
__pmaintext                 maintext     06FD
__ptext1                    text1        06DA
__ptext2                    text2        074A
__ptext3                    text3        06BF
__ptext4                    text4        06CA
_init_config                text3        06BF
_init_matrix_keypad         text4        06CA
_main                       maintext     06FD
_nRBPU                      (abs)        040F
_read_matrix_keypad         text1        06DA
_scan_keypad                text2        074A
btemp                       (abs)        007E
btemp0                      (abs)        007E
btemp1                      (abs)        007F
end_of_initialization       cinit        07FC
intlevel0                   functab      0000
intlevel1                   functab      0000
intlevel2                   functab      0000
intlevel3                   functab      0000
intlevel4                   functab      0000
intlevel5                   functab      0000
ltemp0a                     (abs)        0080
main@key                    cstackCOMMON 0078
main@wait                   cstackCOMMON 0074
main@wait_46                cstackCOMMON 0076
read_matrix_keypad@key      cstackCOMMON 0073
read_matrix_keypad@mode     cstackCOMMON 0072
read_matrix_keypad@once     dataCOMMON   0079
reset_vec                   reset_vec    0000
scan_keypad@i               cstackCOMMON 0070
start                       init         0000
start_initialization        cinit        07F6
ttemp0a                     (abs)        007F
wtemp0                      (abs)        007E
wtemp0a                     (abs)        007F


MODULE INFORMATION

Module		Function		Class		Link	Load	Size
matrix_keypad.c
		_init_matrix_keypad		CODE           	06CA	0000	16
		_read_matrix_keypad		CODE           	06DA	0000	35
		_scan_keypad   		CODE           	074A	0000	172

matrix_keypad.c estimated size: 223

shared
		__initialization		CODE           	07F6	0000	6

shared estimated size: 6

main.c
		_main          		CODE           	06FD	0000	77
		_init_config   		CODE           	06BF	0000	11

main.c estimated size: 88

